REF	claude:session-claude
AGENT	claude
PROJECT	forge
TITLE	Repair relay
TOKENS	40
COST	0.03!
SUBAGENT	claude:session-claude#scout
[0]	07:41:12	user	Repair the relay
[1]	09:01:00	tool-call	Bash(inspect relay) -> exit 7  1.0s  ctx 30
[2]	09:01:01	tool-result	exit 7
[3]	09:03:00	compact	Context compacted
PAGE	returned=4	total=4	has_more=false	next_offset=4	complete=true
