╭─ Session · starship › Plan route ────────────────────────────────────────────╮
│claude ·  ()                                                                  │
│opus-4.8 ·  · —→—                                                             │
│45k tokens / $0.32 · own 45k / $0.32 · subagents 0 / $0.00                    │
╰──────────────────────────────────────────────────────────────────────────────╯
╭─ Timeline · Subagents ───────────────────────────────────────────────────────╮
│› ▸ you: Inspect the ridge                                                    │
│    ● claude: The ridge is clear                                              │
│                                                                              │
│                                                                              │
│                                                                              │
│                                                                              │
│                                                                              │
│                                                                              │
│                                                                              │
│                                                                              │
╰──────────────────────────────────────────────────────────────────────────────╯
j/k scroll   tab tabs   ↵ drill   J/K subagent   w wrap   esc back   q quit
