╭─ agtlog ─────────────────────────────────────────────────────────────────────╮
│2 sessions · 2 projects · ~$5.99 total · watching 0 roots · theme:mono        │
╰──────────────────────────────────────────────────────────────────────────────╯
╭─ Sessions ───────────────────────────────────────────────────────────────────╮
│  AGENT  PROJECT  TITLE                       AGE  MSGS SUBS    TOKENS       $│
│› claude starship Plan the lunar launch       10m    12    1      1.2M   $5.23│
│  codex  harbor   Chart autonomous route       2h     8            92k  ~$0.76│
│                                                                              │
│                                                                              │
│                                                                              │
│                                                                              │
│                                                                              │
│                                                                              │
│                                                                              │
╰──────────────────────────────────────────────────────────────────────────────╯
/ filter   s sort   a agent   ↵ open   r refresh   ? help   q quit
