╭─ agtlog ─────────────────────────────────────────────────────────────────────╮
│Discovering sessions · watching 0 roots · theme:mono                          │
╰──────────────────────────────────────────────────────────────────────────────╯
╭─ Sessions ───────────────────────────────────────────────────────────────────╮
│  AGENT  PROJECT  TITLE                  MODEL          AGE  MSGS SUBS       $│
│Loading sessions… 37/128                                                      │
│                                                                              │
│                                                                              │
│                                                                              │
│                                                                              │
│                                                                              │
│                                                                              │
│                                                                              │
│                                                                              │
╰──────────────────────────────────────────────────────────────────────────────╯
↑/↓ move   / filter   ←/→ column   ⇧O sort   T time   ↵ open   ? help   q quit
