╭─ Session · starship ───────────────────────────────────────────────────────────────────╮
│claude · starship (/workspace/starship)                                                 │
│opus-4.8 · orbit/alpha · Jan 02 05:44→Jan 02 06:04                                      │
│183k tokens / ~$1.28 · own 128k / $0.84 · subagents 55k / ~$0.44                        │
╰────────────────────────────────────────────────────────────────────────────────────────╯
╭─ Timeline · Subagents ─────────────────────────────────────────────────────────────────╮
│› claude Scout the ridge  opus-4.8 · 55k · ~$0.44                                       │
│    codex Map the cavern  gpt-5.6 · 10k · ~$0.12                                        │
│                                                                                        │
│                                                                                        │
│                                                                                        │
│                                                                                        │
│                                                                                        │
│                                                                                        │
│                                                                                        │
│                                                                                        │
╰────────────────────────────────────────────────────────────────────────────────────────╯
j/k scroll   space toggle   ↵ open   tab tabs   w wrap   esc back   ? help   q quit
