╭─ starship › Plot route › Edit ───────────────────────────────────────────────╮
│Event                                                                         │
│kind           tool-call                                                      │
│model          claude-opus-4-8                                                │
│tool           Edit                                                           │
│call-id        call-route                                                     │
│agent-id       agent-builder                                                  │
│duration       750ms                                                          │
│absolute time  Jan 2 05:59:00                                                 │
│relative time  5m                                                             │
│                                                                              │
│Request                                                                       │
│tokens  ↑32k/0/32k ↓4000 · ctx 64k                                            │
│  input         32k × $5/Mtok   = $0.16                                       │
│  cache read    32k × $0.5/Mtok = $0.016                                      │
│  output       4000 × $25/Mtok  = $0.10                                       │
│  total                         = $0.276                                      │
│                                                                              │
│Input                                                                         │
│/workspace/starship/route.go                                                  │
│                                                                              │
│Diff                                                                          │
│-burn = 3                                                                     │
│ burn = estimate                                                              │
│+burn = 4                                                                     │
│                                                                              │
│Output                                                                        │
│route updated                                                                 │
│checks ready                                                                  │
│                                                                              │
│Result summary                                                                │
│route updated                                                                 │
│                                                                              │
│Raw                                                                           │
│{                                                                             │
│  "type": "assistant",                                                        │
│  "message": {                                                                │
│    "model": "claude-opus-4-8",                                               │
│    "content": [                                                              │
│      {                                                                       │
│        "type": "tool_use",                                                   │
│        "id": "call-route",                                                   │
│        "name": "Edit"                                                        │
│      }                                                                       │
│    ]                                                                         │
│  }                                                                           │
╰──────────────────────────────────────────────────────────────────────── 1/46 ╯
j/k scroll   w wrap   T time   esc back   wheel scroll
