╭─ agtlog ─────────────────────────────────────────────────────────────────────╮
│2 sessions · 2 projects · ~$5.99 total · watching 0 roots · theme:mono        │
╰──────────────────────────────────────────────────────────────────────────────╯
╭─ Sessions ───────────────────────────────────────────────────────────────────╮
│  AGENT  PROJECT  TITLE                  MODEL          AGE  MSGS SUBS       $│
│› claude starship Plan the lunar launch  opus-4.8       10m    12    1   $5.23│
│  codex  harbor   Chart autonomous route gpt-5.6         2h     8       ~$0.76│
│                                                                              │
│                                                                              │
│                                                                              │
│                                                                              │
│                                                                              │
│                                                                              │
│                                                                              │
╰──────────────────────────────────────────────────────────────────────────────╯
↑/↓ move   / filter   s sort   a agent   T time   ↵ open   ? help   q quit
