╭─ Session · starship ─────────────────────────────────────────────────────────────────────────────────────────────────╮
│Plan route                                                                                                            │
│claude │ starship (/workspace/starship) │ opus-4.8                                                                    │
│branch orbit/alpha │ Jan 02 05:44→Jan 02 06:04 │ total $1.28 │ own $0.84 │ subagents $0.44                            │
╰──────────────────────────────────────────────────────────────────────────────────────────────────────────────────────╯
╭─ Timeline  [Overview] ───────────────────────────────────────────────────────────────────────────────────────────────╮
│  Activity     TURNS TOKENS    COST                                                                                   │
│  own             12   162k   $0.84                                                                                   │
│  subagents       11    55k   $0.44                                                                                   │
│  total           23   217k   $1.28                                                                                   │
│                                                                                                                      │
│  Own model costs                                                                                                     │
│  claude-opus-4-8                                                                                                     │
│    cache read    30k × $0.5/Mtok  = $0.01                                                                            │
│    cache write  4000 × $6.25/Mtok = $0.03                                                                            │
│    input        120k × $5/Mtok    = $0.60                                                                            │
│    output       8000 × $25/Mtok   = $0.20                                                                            │
│    subtotal                       = $0.84                                                                            │
│                                                                                                                      │
│  Subagents (2)                                                                                                       │
│  AGENT  TITLE                                                                        MODEL         TURNS    COST  AGE│
│› claude Scout the ridge                                                              opus-4.8         11   $0.44    —│
│  codex  └─ Map the cavern                                                            gpt-5.6           3   $0.12    —│
│                                                                                                                      │
│                                                                                                                      │
│                                                                                                                      │
│                                                                                                                      │
│                                                                                                                      │
│                                                                                                                      │
│                                                                                                                      │
│                                                                                                                      │
│                                                                                                                      │
│                                                                                                                      │
│                                                                                                                      │
│                                                                                                                      │
│                                                                                                                      │
╰──────────────────────────────────────────────────────────────────────────────────────────────────────────────────────╯
j/k scroll   ←/→ column   ⇧O sort   ↵ open   tab switch   w nowrap   T time   esc back   ? help   q quit
