╭─ Session · starship › Plan route ────────────────────────────────────────────╮
│Scout terrain                                                                 │
│claude │ starship │ opus-4.8                                                  │
│Jan 02 06:02 │ total $0.32 │ own $0.32 │ subagents $0.00                      │
╰──────────────────────────────────────────────────────────────────────────────╯
╭─ [Timeline]  Subagents  Info ────────────────────────────────────────────────╮
│         you: Inspect the ridge                                               │
│›        claude: The ridge is clear                                           │
│                                                                              │
│                                                                              │
│                                                                              │
│                                                                              │
│                                                                              │
│                                                                              │
│                                                                              │
│                                                                              │
╰──────────────────────────────────────────────────────────────────────────────╯
←/→ fold   space toggle   E/C all   ↵ inspect   T time   esc back   q quit
